################################################################################
#                                                                              #
#      IAR Universal Linker V6.5.1.95                                          #
#                                                                              #
#           Link time     =  29/Mar/2023  15:09:39                             #
#           Target CPU    =  MSP430                                            #
#           List file     =  D:\USER\430\U_ELECTRO\Debug\List\UELEC.map        #
#           Output file 1 =  D:\USER\430\U_ELECTRO\Debug\Exe\UELEC.d43         #
#                            Format: ubrof10                                   #
#                            UBROF version 10.0.6                              #
#                            Using library modules for C-SPY (-rt)             #
#           Command line  =  -f C:\Users\isc_l\AppData\Local\Temp\EW532A.tmp   #
#                            (D:\USER\430\U_ELECTRO\Debug\Obj\UELEC_01.r43     #
#                            -o D:\USER\430\U_ELECTRO\Debug\Exe\UELEC.d43 -l   #
#                            D:\USER\430\U_ELECTRO\Debug\List\UELEC.map -xms   #
#                            "-ID:\Program Files (x86)\IAR Systems\Embedded Wo #
#                            rkbench 8.0\430\LIB\"                             #
#                            -f                                                #
#                            "D:\Program Files (x86)\IAR Systems\Embedded Work #
#                            bench 8.0\430\config\linker\lnk430fr5994.xcl"     #
#                            (-cmsp430 -QCODE_I=CODE_ID -QTLS16_I=TLS16_ID     #
#                            -D__iar_HWMUL=4C0 -Z(CONST)INFO=1800-19FF         #
#                            -Z(CONST)INFOA=1980-19FF                          #
#                            -Z(CONST)INFOB=1900-197F                          #
#                            -Z(CONST)INFOC=1880-18FF                          #
#                            -Z(CONST)INFOD=1800-187F                          #
#                            -Z(DATA)TINYRAM=000A-001F                         #
#                            -Z(DATA)LEARAM=2C00-3AC7                          #
#                            -Z(DATA)LEASTACK=3AC8-3BFF                        #
#                            -Z(DATA)DATA16_I,DATA16_Z,DATA16_N,TLS16_I=1C00-2 #
#                            BFF                                               #
#                            -Z(DATA)CODE_I                                    #
#                            -Z(DATA)DATA20_I,DATA20_Z,DATA20_N                #
#                            -Z(DATA)CSTACK+_STACK_SIZE#                       #
#                            -Z(CONST)DATA16_P,DATA20_P=4000-FF7F              #
#                            -Z(DATA)DATA16_HEAP+_DATA16_HEAP_SIZE             #
#                            -Z(DATA)DATA20_HEAP+_DATA20_HEAP_SIZE             #
#                            -Z(CONST)MPU_B1 -Z(CONST)IPE_B1=4000-FF7F         #
#                            -Z(DATA)IPEDATA16_N -Z(CODE)IPECODE16             #
#                            -Z(CONST)IPEDATA16_C,IPE_B2 -Z(CONST)MPU_B2       #
#                            -Z(CONST)DATA16_C,DATA16_ID,TLS16_ID,DIFUNCT,CHEC #
#                            KSUM=4000-FF7F                                    #
#                            -Z(CODE)CSTART,ISR_CODE,CODE16=4000-FF7F          #
#                            -P(CODE)CODE=4000-FF7F,10000-43FFF                #
#                            -Z(CODE)CODE_PAD                                  #
#                            -Z(CONST)DATA20_C,DATA20_ID,CODE_ID=4000-FF7F,100 #
#                            40-43FFF                                          #
#                            -Z(CONST)JTAGSIGNATURE=FF80-FF83                  #
#                            -Z(CONST)BSLSIGNATURE=FF84-FF87                   #
#                            -Z(CONST)IPESIGNATURE=FF88-FF8F                   #
#                            -Z(CODE)INTVEC=FF90-FFFF                          #
#                            -Z(CODE)RESET=FFFE-FFFF) -f                       #
#                            "D:\Program Files (x86)\IAR Systems\Embedded Work #
#                            bench 8.0\430\config\linker\multiplier32.xcl"     #
#                            (-e?Mul8Hw=?Mul8 -e?Mul16Hw=?Mul16                #
#                            -e?Mul16to32uHw=?Mul16to32u                       #
#                            -e?Mul16to32sHw=?Mul16to32s -e?Mul32Hw32=?Mul32   #
#                            -e?Mul64Hw32=_Mul64i                              #
#                            -e?Mul32u32uto64iHw32=_Mul32u32uto64i             #
#                            -e?Mul32fHw32=_Mul32f                             #
#                            -e_Mul64fHw32Ptr=_Mul64fPtr) -D_STACK_SIZE=A0     #
#                            -rt -D_DATA16_HEAP_SIZE=A0                        #
#                            -D_DATA20_HEAP_SIZE=50                            #
#                            "D:\Program Files (x86)\IAR Systems\Embedded Work #
#                            bench 8.0\430\lib\MathLib\MSPMATHLIB_IAR_msp430_C #
#                            PUX_large_code_small_data.lib"                    #
#                            -f                                                #
#                            "D:\Program Files (x86)\IAR Systems\Embedded Work #
#                            bench 8.0\430\config\linker\mathlib32.xcl")       #
#                            (-eacosf=acos -eacosf=acosl -easinf=asin          #
#                            -easinf=asinl -eatan2f=atan2 -eatan2f=atan2l      #
#                            -eatanf=atan -eatanf=atanl -ecosf=cos             #
#                            -ecosf=cosl -eexpf=exp -eexpf=expl -efabsf=fabs   #
#                            -efabsf=fabsl -efmodf=fmod -efmodf=fmodl          #
#                            -elogf=log -elogf=logl -esinf=sin -esinf=sinl     #
#                            -e__iar_Sin_MathLib=__iar_Sin -esqrtf=sqrt        #
#                            -esqrtf=sqrtl -etanf=tan -etanf=tanl)             #
#                                                                              #
#                           Copyright (C) 1987-2016 IAR Systems AB.            #
################################################################################





                ****************************************
                *                                      *
                *           CROSS REFERENCE            *
                *                                      *
                ****************************************

                  There are no program entries.




                ****************************************
                *                                      *
                *            RUNTIME MODEL             *
                *                                      *
                ****************************************

  __code_model  = large
  __core        = 430X
  __data_model  = small
  __double_size = *
  __pic         = no
  __rt_version  = 3

                ****************************************
                *                                      *
                *    AUTOMATIC SYMBOL REDIRECTIONS     *
                *                                      *
                ****************************************

                  There are no automatic symbol redirections.



                ****************************************
                *                                      *
                *              MODULE MAP              *
                *                                      *
                ****************************************


  DEFINED ABSOLUTE ENTRIES
    *************************************************************************

  DEFINED ABSOLUTE ENTRIES
  PROGRAM MODULE, NAME : ?ABS_ENTRY_MOD

Absolute parts
           ENTRY                   ADDRESS         REF BY
           =====                   =======         ======
           _DATA20_HEAP_SIZE       0050 
           _DATA16_HEAP_SIZE       00A0 
           _STACK_SIZE             00A0 
           __iar_HWMUL             04C0 
    *************************************************************************

  FILE NAME : D:\USER\430\U_ELECTRO\Debug\Obj\UELEC_01.r43
  PROGRAM MODULE, NAME : UELEC_01

Absolute parts
     1800 - 1835
     1880 - 188F
     4000 - 7926
     7A00 - 7CC8
           LOCAL                   ADDRESS         
           =====                   =======         
           st_StatusAPP            1CF8 
           VariableRAM             1C00 
           RxBuffer0               1C00 
           TxBuffer0               1C40 
           RxPtr0                  1C80 
           TxPtr0                  1C82 
           CRC16Rx0                1C84 
           CRC16Tx0                1C86 
           StatusMB0               1C88 
           CounterTx0              1C8A 
           VAL0_3_5ch              1C8C 
           SN__                    1C8E 
           Status01                1C90 
           StatusI2C               1C92 
           TimerUSER_mS            1C94 
           TimerLED1               1C96 
           TimerLED2               1C98 
           TimerBUZ                1C9A 
           TimerPowOFF             1C9C 
           I2C_TxCnt               1C9E 
           I2C_DataCnt             1CA0 
           I2C_TxPtr               1CA2 
           I2C_DataPtr             1CA4 
           I2C_cntNAC              1CA6 
           DataREG                 1CA8 
           AddrREG                 1CA8 
           AddrREG1                1CAA 
           BufMEM                  1CAC 
           TemporaryDWord          1CB8 
           TemporaryWord           1CBA 
           STM_Main                1CBC 
           STM_DSP                 1CBE 
           FlagsDSP                1CC0 
           DATA_MES                1CC2 
           N_DATA_MES              1CC4 
           IndexDrv                1CC6 
           TA1R_EXT                1CC8 
           TA1CCR1_EXT             1CCA 
           M_dT                    1CCC 
           M_D1                    1CD0 
           M_OFF                   1CD4 
           Cnt_EVENT               1CDA 
           TMP_TA1R                1CDC 
           TMP1_TA1R               1CE0 
           TMP2_TA1R               1CE4 
           RndNum                  1CE8 
           KeyBuf                  1CEA 
           StatusLCD               1CEA 
           ColumnAddress           1CEC 
           PageAddress             1CEE 
           ptr_ServScript          1CF0 
           IF_STACK                1CF2 
           SlaveAddressMB0         1CF3 
           LRCa                    1CF4 
           LRCb                    1CF5 
           Hi_BUF                  2D00 
           Xi_BUF                  2C00 
           Zo_BUF                  2E00 
           TMPi_BUF                2F00 
           PARAM_MAC_CARRIER       3000 
           PARAM_SCALEDFIR_BARKER
                                   3000 
           PARAM_MAC_SINC          3010 
           PARAM_MAC_DATA          3020 
           LEA_VEC                 51F8 
           PORT8_VEC               451E 
           PORT7_VEC               451E 
           EUSCI_B3_VEC            451E 
           EUSCI_B2_VEC            451E 
           EUSCI_B1_VEC            451E 
           EUSCI_A3_VEC            451E 
           EUSCI_A2_VEC            451E 
           PORT6_VEC               451E 
           PORT5_VEC               451E 
           TIMER4_A1_VEC           527E 
           TIMER4_A0_VEC           527C 
           AES256_VEC              451E 
           RTC_C_VEC               43FE 
           PORT4_VEC               451E 
           PORT3_VEC               451E 
           TIMER3_A1_VEC           451E 
           TIMER3_A0_VEC           451E 
           PORT2_VEC               4544 
           TIMER2_A1_VEC           451E 
           TIMER2_A0_VEC           451E 
           PORT1_VEC               4520 
           TIMER1_A1_VEC           5236 
           TIMER1_A0_VEC           5234 
           DMA_VEC                 5184 
           EUSCI_A1_VEC            451E 
           TIMER0_A1_VEC           4504 
           TIMER0_A0_VEC           4502 
           ADC12_VEC               534E 
           EUSCI_B0_VEC            5084 
           EUSCI_A0_VEC            47E4 
           WDT_VEC                 451E 
           TIMER0_B1_VEC           5284 
           TIMER0_B0_VEC           5282 
           COMP_E_VEC              451E 
           UNMI_VEC                542C 
           SYSNMI_VEC              451E 
           RESET_VEC               4000 
           Init                    4000 
           RESET_TST               40D6 
           InitPort                420A 
           delay_200mS             4018 
           McuWait_mS              459A 
           InitMemory              430E 
           WS                      4024 
           InitOscilator           42B2 
           InitRTC                 439E 
           InitTimerA0             4306 
           InitSerial              47B0 
           InitSPI                 41E4 
           ALL_RELAY_RESET         6220 
           Init_Analog             5A0C 
           Init_USCI_I2C_B0        4EDA 
           TEST_HW_PRESENT         57A0 
           INIT_HW_PRESENT         5802 
           Reset_ptr_script        6302 
           InitDMA                 5162 
           InitTimerB0             5280 
           InitTimerA1             5222 
           InitTimerA4             525E 
           INP_AMP_ON              42B0 
           InitADC12               52A4 
           LEA_init__              51D2 
           init_DATA_for_LEA       51F4 
           main                    409C 
           ServiceUELEC            5406 
           ServiceUart             4968 
           ServiceCommand          56E4 
           Update1sec              4114 
           ServiceSCRIPT           62C6 
           Update1min              4136 
           Update025sec            40FA 
           _RST_All                40CA 
           _RST_Master             40CA 
           _RES_ok                 40F4 
           _POR_ok                 40F4 
           Ex_1xxx                 4140 
           AD7124_RD_ALL           616A 
           Main_STM                5946 
           ServiceSW               4142 
           ServiceBattery          59E0 
           ServicePowerSave        59C2 
           _ex_mdp                 4134 
           Set_UELEC_MODE          5A06 
           _ex_1s                  4134 
           _get_COM                4142 
           _com_clr                4156 
           D_STATUS                1D2C 
           _ex_com                 4162 
           _get_SW                 4162 
           _sw_clr                 4170 
           _ex_sw                  4176 
           Pause_SLOT_I2C          4178 
           wait_RDY_I2C            506E 
           Protect_I2C_call        417C 
           Proceed_SLOT_I2C        4182 
           _tab_n_line             4188 
           TEST_PAGE               418C 
           app_Menu_Page           1D1F 
           _np_min                 41A0 
           _ex_np                  41AC 
           TEST_LINE               41AE 
           app_Menu_Line           1D1E 
           _nl_min                 41C2 
           _ex_nl                  41CE 
           TEST_b_Min_Max          41D0 
           _tl_min                 41DA 
           RS232_ON                4298 
           RS232_OFF               42A6 
           halMcuWaitUs            45A8 
           do_while3               42F0 
           ClrBlock_Settings       430E 
           Block_Settings          1D1A 
           LoopClrData             4390 
           ClrBlock_Data           431A 
           Block_Data              1D24 
           PresetTime              4326 
           D_DATE                  1D28 
           D_MONTH                 1D29 
           D_YEAR                  1D2A 
           D_DAY                   1D2B 
           ClrBlock_Status         433E 
           Block_Status            1CF6 
           ClrDataMemory           434A 
           ClrLeaMemory            4356 
           InitAppXX               4362 
           init_FunctionRAM        543A 
           InitParams              436A 
           st_EvtReset             1D10 
           st_CntReset             1D0E 
           C_FLAGS_APP             180A 
           app_MODE                1D1C 
           Clr_Ph_min_max          4382 
           st_Phase_min            1D04 
           st_Phase_max            1D06 
           LoopClr                 4392 
           C_PPM                   180C 
           RTCOFIFG_HND            4412 
           RTCRDYIFG_HND           4414 
           RTCEVIFG_HND            44C2 
           RTCAIFG_HND             44C4 
           RT0PSIFG_HND            44C6 
           RT1PSIFG_HND            44E6 
           clock_                  4414 
           _1_sec_                 4422 
           D_SEC                   1D25 
           ClockEnd                44B4 
           D_MIN                   1D26 
           D_HR                    1D27 
           dayOk                   447C 
           noLeap                  4494 
           ClockEnd_ret            44B2 
           Tab_daysInMonth         44B6 
           date_1                  449C 
           Cl_End                  44AE 
           TstTMR_X1               44D0 
           TstTMR_X3               44D0 
           TstTMR_X4               44E4 
           D_SEC_256               1D24 
           _ex_025                 44FA 
           StepDRV_1dn             6282 
           TMR0A_1_HND             4518 
           TMR0A_2_HND             451A 
           T0AIFG_HND              4516 
           _Ex_INT                 4516 
           TMRA_UART               480C 
           P1_0_HND                4542 
           P1_1_HND                4540 
           P1_2_HND                453E 
           P1_3_HND                453C 
           P1_4_HND                453A 
           P1_5_HND                4538 
           P1_6_HND                4536 
           P1_7_HND                4534 
           P2_0_HND                4566 
           P2_1_HND                4564 
           P2_2_HND                4562 
           P2_3_HND                4560 
           P2_4_HND                455E 
           P2_5_HND                455C 
           P2_6_HND                455A 
           P2_7_HND                4558 
           ServiceAPP              4568 
           Hex2Bit                 456A 
           CopyData                458A 
           ex_cd                   4598 
           loop_cd                 458E 
           ExWait                  45C0 
           SetChangeMEMORY         45C2 
           REPAIR_TMR_AFTER_ERASE_FLASH
                                   45C2 
           FR_ERASE                45C4 
           FR_FILL                 45C6 
           _l_fr_er                45C6 
           _ex_fr_wr               45EC 
           FR_WRITE                45D2 
           _ex_fr                  45EC 
           _l_fr_b                 45EE 
           _l_fr_w                 45E2 
           Write_Seg               45FA 
           loopWr_SegB             4616 
           loopWr_SegW             460A 
           Erase_Seg               4622 
           loopEr_SegW             462C 
           TabX                    463A 
           Tab2X                   463C 
           Tab2BIT                 465C 
           MUL16S_                 467C 
           MPY10                   4694 
           DIV32                   46A4 
           DIVIDE                  46A4 
           DIV1                    46AA 
           DIV2                    46B0 
           DIV4                    46C6 
           DIV3                    46C4 
           DIVS32                  46CA 
           _DIVS                   46CC 
           _DIVS1                  46DC 
           _DIVSERR                46F8 
           _DIVS2                  46E8 
           _DIVS3                  46F6 
           BCDBIN                  46FC 
           SHFT4                   4702 
           _END                    4726 
           MPYx10                  471A 
           HEXBIN                  4728 
           _eend                   4732 
           SQRT                    4738 
           _l_sqr                  473E 
           _lo_sqr                 475A 
           _hi_sqr                 475C 
           VECTOR_MAGNITUDE_APPROXIMATION
                                   4768 
           __ba                    4796 
           __ex_ab                 47AA 
           InitUartA0_RS485        47BC 
           USCI_A0_VEC             47E4 
           RX0IFG_HND              47F0 
           TX0IFG_HND              47EC 
           ModBusTX_VEC0           48BE 
           ModBusRX_VEC0           4850 
           CalcNetworkID_M0        47FA 
           _sl                     4806 
           _ms0                    4800 
           C_DEVICE_ADDR           1806 
           RxCrcOk                 4838 
           C_FLAGS                 1808 
           RxEnd                   483E 
           ExVecRX                 48B8 
           TstBufEnd               4884 
           ID_Ok                   486C 
           DataToBuf               489C 
           RxCRC16_ADD0            4BE4 
           TstEndTx                48EA 
           EndTx                   48D2 
           ToTxByte                491E 
           TxCrcLow                4910 
           TxCRC16_ADD0            4BFC 
           CalcNetworkID           4938 
           InitTx0                 493E 
           InitTxErr0              4940 
           InitTxUART0             4940 
           ExServUart              4966 
           Serv_Uart0              4968 
           Serv_Uart1              49A8 
           To_Serv_Uart            49AA 
           FromRFxx                49B6 
           NWK_ReadMemory_41       4A44 
           NWK_WriteMemory_42      4AB8 
           NWK_Message_40          4A42 
           FromBT_LE               49DC 
           ExtReadMemory_43        4A50 
           ExtWriteMemory_44       4AC4 
           FunNotSupport_01        49EC 
           ExceptionCode_XX        49EE 
           _new_exeption           4A28 
           TxErr                   4A00 
           AddressError_02         4A02 
           NbyteError_03           4A06 
           RdWrError_04            4A0C 
           DeviceBusy_06           4A10 
           RouteError_0A           4A16 
           NotRespond_0B           4A1C 
           SecureError_07          4A22 
           _expt                   4A38 
           cpy_nwk                 4B50 
           RD_MEM                  4A5E 
           BlockToRealAddr         4BB0 
           TstAddrBlock            4BC6 
           TestAccessRdAddr        4BA2 
           RdData_43               4A96 
           VirtualRd_43            4AA6 
           LoopRdData_             4A98 
           InitTx                  4AA4 
           VirtualRd_              4AA8 
           WR_MEM                  4AE4 
           TestAccessWrAddr        4B96 
           FlashWr_44              4B38 
           RamWr_44                4B26 
           RamWr_                  4B2A 
           _to_cpy                 4B7C 
           TstAA                   4BAC 
           ReturnError             4BC2 
           ReturnOk                4BDE 
           Block_Header            7882 
           NextBlock               4BB4 
           EndBlock_Header         78F2 
           WaitRxDataUART          4BE2 
           TabCRC_Hi               4C14 
           TabCRC_Lo               4D14 
           ServiceMessage          4E14 
           _Ex_serv_mesage         4E34 
           ServiceMes              4E1C 
           _Ex_serv_m              4E2E 
           MakeMessage             4E36 
           _inc_sn                 4E5E 
           _end_cpy_data           4EC2 
           CopyWord                5A14 
           SendLongMessage         4ECE 
           BusClearI2C             4EF6 
           _l_10_clk               4F22 
           USCI_I2C_Tx2            4F62 
           USCI_I2C_TxnPtr         4F70 
           USCI_I2C_TxAddr1_RxData2
                                   4F98 
           USCI_I2C_TxAddr1_RxDatan
                                   4F9C 
           _tnrn                   4FA0 
           USCI_I2C_TxAddrn_RxDatan
                                   4FAC 
           _set_stop_gen           4FCA 
           _go_xx_gen              4FCE 
           USCI_I2C_slave_present
                                   4FF4 
           _w_stp                  502A 
           _w_ret                  503C 
           WaitN_initIIC           5050 
           _err_dev                5036 
           _w_ret_e                5040 
           USCI_I2C_notready       5056 
           USCI_I2C_ACK_POLLING    505E 
           wait_rdiic              5074 
           _ex_poll                5080 
           USCI_B0_VEC             5084 
           I2C_UCNACKIFG           50D0 
           I2C_UCSTPIFG            5154 
           I2C_UCRXIFG0            50A8 
           I2C_UCTXIFG0            50E2 
           I2C_UCBCNTIFG           50C6 
           _STP_ex                 50CA 
           _ex_i2c_int             50CE 
           _end_tx_i2c             512A 
           _fill_i2c               5116 
           _tx_l                   50EE 
           _Tx_data                5104 
           _ReadStartMode          5144 
           InitDMA0                5180 
           DMA0_HND                5182 
           DMA5_HND                5194 
           _DMA_stop               51C0 
           _DMA_start              51C0 
           _DMA_guard              51C0 
           _DMA_sinc               51AA 
           _DMA_rx_data            51BE 
           _DMA_end_data           51C0 
           _DMA_carrier            51A8 
           _DMA_Barker             51A6 
           InitLEA_Timer24         51C2 
           nxt_DATA_for_LEA        51F4 
           LEA_TMR                 51F6 
           LEA_COM_OVERFLOW        51F6 
           LEA_OUT_OF_RANGE        51F6 
           LEA_SCALAR_INCON        51F6 
           LEA_PMCMD               5206 
           _LEA_stop               5220 
           _LEA_start              5220 
           _LEA_guard              5220 
           _LEA_sinc               521C 
           _LEA_rx_data            521E 
           _LEA_end_data           5220 
           _LEA_carrier            521A 
           _LEA_Barker             5218 
           CCIFG_1_HND             524E 
           CCIFG_2_HND             525C 
           TA1IFG_HND              5248 
           _nxt_st_TR              525A 
           Start_TMR_A4            5274 
           TB0IFG_1_HND            52A2 
           TB0IFG_2_HND            52A0 
           TB0IFG_3_HND            529E 
           TB0IFG_4_HND            529C 
           TB0IFG_5_HND            529A 
           TB0IFG_6_HND            5298 
           TB0IFG_HND              5296 
           StopADC12               5304 
           _ref_buzy               52A8 
           StartADC12_All          52D8 
           _stopADC                5308 
           InitADC12_Sample        532C 
           ADOV                    53A2 
           ADTOV                   53A4 
           ADHI                    53AA 
           ADLO                    53AA 
           ADIN                    53AA 
           ADC12M3                 53AE 
           ADC12M15                53A0 
           st_CntAdcOvfl           1D12 
           C_OFFSET_AVEX           1812 
           D_AVEX                  1D32 
           C_OFFSET_AVIN           1810 
           D_AVIN                  1D30 
           C_OFFSET_ANX            1814 
           D_ANX                   1D38 
           C_OFFSET_ANY            1816 
           D_ANY                   1D3A 
           _ex_ADC_all             53FC 
           Process_STM             5406 
           _MAIN_stop              541E 
           _MAIN_start             541A 
           _MAIN_set_AB_mn         541C 
           _MAIN_on_AB             541E 
           _MAIN_measure           541E 
           _MAIN_off_AB_mn         541E 
           _MAIN_calc              541E 
           _MAIN_next              5420 
           _M_exit                 5424 
           TEST_STATE_STM          5426 
           POW_AMP_ON              5436 
           POW_AMP_OFF             5438 
           tttghhn                 5442 
           ATAN_U                  5464 
           _nIm_                   54A6 
           _pIm_                   5468 
           _nRe_                   5492 
           _atan_z                 54E2 
           _q0__                   5474 
           _q0_x                   5478 
           _q0_1                   5486 
           _TabAtan                54CA 
           _q1__                   5496 
           _q3_x                   54B2 
           _2n__                   549C 
           _q2__                   54A0 
           _q3__                   54AE 
           _q3_1                   54C0 
           Tab_atan_u              54E4 
           Tab_atan_u_part2        55E4 
           app_CtrlFlags           1D1A 
           _ex_serv_com            579E 
           _TST_002                56F2 
           _TST_003                570C 
           __bs                    5706 
           _ex_clr_com             579A 
           _TST_004                570C 
           _TST_005                570C 
           _TST_006                572A 
           __pd                    5722 
           _TST_007                5736 
           _TST_008                5746 
           st_Level_max            1D14 
           _TST_009                5766 
           st_CntErrPack           1D08 
           st_CntResivPac          1D0A 
           st_CntTrxPac            1D0C 
           _TST_010                5780 
           __bec                   5778 
           _TST_011                5780 
           _TST_012                579A 
           __scr                   5792 
           PollDevicePresent       57A0 
           st_Periperal            1CF6 
           _end_tmp                57B6 
           _end_ee                 57C4 
           _end_bar                57D2 
           _end_lcd                57DE 
           TestADC24               6156 
           _end_adc24              57E8 
           _end_PS                 57F2 
           _end_PSex               57FC 
           InitDevicePresent       5802 
           _ini_3                  580E 
           Init_TMP75AID           5836 
           _ini_4                  581A 
           Init_AT24C512           58BA 
           _ini_5                  5826 
           Init_MS5837             58BC 
           _ini_ex                 5830 
           Init_OLED096            599C 
           calc_temerature         589E 
           Reading_TMP             586C 
           _ex_12c                 58B8 
           Calc_TMP                5882 
           stb_next_once           588E 
           D_TEMP                  1D2E 
           RESET_MS5837            5CF6 
           READ_C_CX               5D0C 
           STB_TEMPERATURE         5D7C 
           READ_CALC_TMPERATURE    58F6 
           C_OFFSET_TEMP           180E 
           STB_PRESSURE            5D76 
           READ_CALC_PRESSURE      5916 
           D_PRESSURE              1D34 
           D_DEPTH                 1D36 
           READ_ADC                5D48 
           CALC_TEMPERATURE_MS     5D94 
           CALC_PRESSURE_MS        5DF8 
           CALC_DEPTH              5F3E 
           _nxt_stm                5968 
           _M_stop                 5968 
           _M_1                    596E 
           _M_2                    5974 
           _M_3                    5982 
           _M_4                    5988 
           _M_5                    599A 
           _M_6                    599A 
           _M_7                    599A 
           Init_OLED               5AA2 
           LogoToLCD               5C34 
           Wait_ToLCD              5CCA 
           _delay_mS               59AC 
           ClrLcd                  5C7E 
           _to_work                59DE 
           _to_save                59DC 
           _ex_serv_bat            5A04 
           _tst_low_batt           59EA 
           C_BAT_LOW               182E 
           _tst_full_batt          59F8 
           C_BAT_FULL              1830 
           Set_Analog              5A12 
           Init_AD7124             6186 
           ex_cw                   5A24 
           loop_cw                 5A1A 
           DisplayColumnSet        5A26 
           DisplayCommand2         5A3C 
           OLED_I2C_TxnCOM         5A5C 
           DisplayCommand          5A50 
           OLED_I2C_Txn            5A60 
           MEM_I2C_RD8             5A78 
           MEM_I2C_Rxn             5A86 
           Init_LCDx               5AAA 
           Display_OFF             5B46 
           C_LCD_FLAGS             1832 
           e_norm                  5AC8 
           SegmentDriverDirectionReverse
                                   5AF8 
           CommonOutputModeReverse
                                   5AFE 
           e_rote                  5AD0 
           SegmentDriverDirectionNormal
                                   5B04 
           CommonOutputModeNormal
                                   5AF2 
           On_Lcd                  5ADA 
           DisplayReverse          5B10 
           ChargePump_ON           5B58 
           Display_ON              5B36 
           DisplayStartLineSet     5B16 
           C_LCD_BRIGHT            1833 
           DisplayVolume           5B52 
           DisplayNormal           5B0A 
           DisplayNextPageSet      5B20 
           PageSet                 5B2C 
           DisplayPageSet          5B28 
           SymbolToLcd             5B62 
           Lcd8x16                 5B7C 
           Lcd8x8                  5B72 
           AdrTab8x8               6882 
           WrLc8B                  5B9A 
           AdrTab8x16              6C82 
           Write8ByteDPTR          5BA4 
           LoopWr8                 5BAA 
           _end_symbol             5BF8 
           _end_screen             5BF2 
           WrLcdByte               5BBA 
           _norm                   5BCC 
           ExL8                    5BDA 
           Ex001                   5BF0 
           StringToLCD             5BFE 
           StrToLCD                5C10 
           Ex_STL                  5C2A 
           ex_lcd                  5C32 
           Block_Logo              7482 
           LoopRomLcd              5C3C 
           loopWrxLcd              5C4E 
           _nxt_l_bb               5C6E 
           ClrLcdScript            5C7E 
           LoopClrLcd              5C86 
           web_                    5CB6 
           Ex_upd_lcd              5CE0 
           SUMB_TO_LCD             5CE2 
           C_CRC_FD                1880 
           loop_rd_c_cx            5D18 
           STB_ADC                 5D80 
           CALC_dT                 5D9E 
           CALC_TEMP               5DB8 
           C_C5                    188A 
           C_C6                    188C 
           CALC_OFF                5E06 
           CALC_SENS               5E68 
           CALC_P                  5EC2 
           C_C4                    1888 
           C_C2                    1884 
           C_C3                    1886 
           C_C1                    1882 
           C_SEA_LEVEL             181A 
           C_DEPTH_mm              188E 
           Tab_DEF_REG             5F66 
           End_TAB_REG             609E 
           AD7124_SPI_WR           609E 
           SPI_WR_0                60A2 
           AD7124_SPI_RDY          60AA 
           AD7124_SPI_RD           60B0 
           SPI_RD_0                60B4 
           Init_AD7124_All_Tab     60C0 
           _loop_tab_reg           60C4 
           AD7124_WR_REG_TAB       60D4 
           _loop_rdw               60DE 
           AD7124_RD_REG_Ptr       60F2 
           _loop_rdr               60FC 
           AD7124_RD_DATA24        6110 
           AD7124_RD_24            6114 
           AD7124_ID_RD            613A 
           AD7124_RD_8             6144 
           AD7124_STATUS_RD        6140 
           st_ADC_ID               1D19 
           _tst_24ok               6168 
           D_ch_0                  1D4E 
           Tab_DEF_RELAY           6198 
           RELAY_SPI_WR            61AC 
           _RL_RD_0                61B0 
           RELAY_WR_CHAIN          61BC 
           _RL_WR_0                61C0 
           RELAY_WR_CHAIN1         61D4 
           RELAY_TST_ERR1          61FC 
           RELAY_WR_CHAIN2         61E6 
           RELAY_TST_ERR2          620C 
           _exerr                  6206 
           _exerr2                 6218 
           Init_RELAY_All          6254 
           Tab_StepDRV_1step       6272 
           Tab_StepDRV_05step      627A 
           _step_x1                628C 
           StepDRV_1up             6288 
           StepDRV_05dn            62A0 
           _step_x05               62AA 
           StepDRV_05up            62A6 
           Off_DRV                 62BE 
           _ex_scrpt               6300 
           TEST_EMERGENCY_STATE    6316 
           _decode_next            62DC 
           Block_TextTask          7A00 
           _decode_                62EC 
           DECODE_COM              6320 
           FndNextCOMMAND          66FE 
           End_script              6302 
           ex_e                    631E 
           IF_MODE                 6376 
           ELSE_MODE               6392 
           _false__                6374 
           _end_lcd_com_           636C 
           MENU_MODE               63B8 
           DECODE_MENU             634C 
           TEXT_MODE               6498 
           PRINT_REG               64EE 
           COMMAND_MODE            6464 
           GRAPHICS_MODE           6484 
           MEMORY_WR_              664C 
           END_MODE                63A6 
           _inc_TRUE               63B2 
           _exept_TRUE             63B4 
           ConvDEC_BIN             6744 
           Tag_no_eqval            63EE 
           _decode_menu_           63EC 
           Action_Menu             63D2 
           Action_key              6400 
           Action_pb_short         6448 
           Action_pb_long          6456 
           _tst_dn                 6412 
           _tst_right              6420 
           _tst_left               6434 
           nxt_COM                 6476 
           _Ex___                  64EC 
           _BMP_Mode               648E 
           TMX                     64B6 
           NEXT_                   64DA 
           STRING_LCD              64E4 
           Ld_MB_com               671E 
           _nxt_prn                64F8 
           scr_DEC                 6572 
           scr_HEX                 65D0 
           scr_DIV                 6510 
           _tst100                 6522 
           DEC_DIV                 6530 
           _ex_scr_div             6570 
           _div_10_                6558 
           _div_100_               6540 
           Reg_To_LCD_DEC          6588 
           TstAddrAccess           66E2 
           L_xx                    658E 
           L_1b                    65B6 
           L_2b                    65A8 
           L_4b                    659A 
           Hex2bcd32               6850 
           L_4c                    65A2 
           ConvHEXtoLCD10          67B0 
           L_ex                    65C2 
           Hex2bcd16               683E 
           L_2c                    65B0 
           Hex2bcd8                682A 
           L_1c                    65BE 
           NEXT_2                  65C4 
           Reg_To_LCD_HEX          65D2 
           L_xxh                   65EE 
           L_1bh                   660A 
           L_2bh                   6602 
           L_4bh                   65F8 
           _TEST_IF                6612 
           _and                    6612 
           _eq                     661E 
           _false_if               6640 
           _true_if                6646 
           _lo                     662A 
           _hi                     6636 
           ex_k                    66C6 
           _value                  6660 
           _reg                    665A 
           app_RegOperand          1D22 
           _end_operand            6664 
           _no_sram                666C 
           _word                   6676 
           _byte                   6670 
           _bic                    667A 
           _bis                    6684 
           _ok_xx                  66B2 
           _xor                    668E 
           _wr                     6698 
           _add                    66A2 
           _addw                   66B0 
           _fl_w                   66CC 
           _ram_w                  66D2 
           _ex_TRUE                66C8 
           _w_w                    66DC 
           FndNextCOM              670A 
           __end__                 671A 
           ConvDecBin16            6746 
           _tst_n_ch               674C 
           _tst_n_                 6762 
           _er_no_ch               679A 
           cnv_tetr                679E 
           _end_cnv                6798 
           x10tet_conv             67C2 
           x_conv                  67C6 
           xtet_conv               67E8 
           loop_x_c                67DE 
           npnp                    67F4 
           loopRla                 67F8 
           convChar                680C 
           nxtSmb                  6822 
           wrSmb                   681E 
           ToBcd                   686C 
           ToBcdSign               6866 
           L$1                     6872 
           end_Tab8x8              6C82 
           end_Tab8x16             7482 
           end_Logo                7882 
           Block_HeaderX           7892 
           Block_Info              78F2 
           Block_Constant          1800 
           F_END_ALL_SEGMENT       7E00 
           C_DEVICE_NUMBER         1800 
           C_DEVICE_CHANNEL        1804 
           C_PARAMS                1818 
           C_TRASHOLD_CD           181C 
           C_RESPONCE_DELAY        181E 
           C_SHIFT_ANGLE           1820 
           C_GANE_AMP              1822 
           C_A_R_AMP___            1824 
           C_TIME_NAV_POLLING__    1826 
           C_INTERVAL_BEACON__     1828 
           C_DELAY_SINC            182A 
           C_TIME_POWER_OFF        182C 
           C_PHASE_ERR_CD          1834 
           C_FLT1_SET              1890 
           st_ch_AB                1CFA 
           st_ch_mn                1CFC 
           st_Val_AB               1CFE 
           st_Val_mn               1D00 
           st_Phase                1D02 
           st_BIAS                 1D16 
           st_SN                   1D18 
           app_ScriptFlags         1D20 
           app_ScriptStatus        1D21 
           D_PRS_DP                1D3C 
           D_ch_AB                 1D3E 
           D_ch_nm                 1D40 
           D_amp_AB                1D42 
           D_val_mn                1D44 
           D_YAW                   1D46 
           D_ROLL                  1D48 
           D_PITCH                 1D4A 
           D_ST_CAL                1D4C 
           D_ch_1                  1D52 
           D_ch_2                  1D56 
           D_ch_3                  1D5A 
           D_ch_4                  1D5E 
           D_ch_5                  1D62 
           D_ch_6                  1D66 
           D_ch_7                  1D6A 
           tstSize                 1D6E 
           END_USED_RAM            1D70 
  SEGMENTS IN THE MODULE
  ======================
INTVEC
  Common segment, address: FF90 - FFFF (0x70 bytes), align: 1
  Segment part 0. ROOT 
    -------------------------------------------------------------------------
CSTACK
  Relative segment, address: 2B60, align: 1
  Segment part 1. ROOT 

    *************************************************************************

  FILE NAME : D:\Program Files (x86)\IAR Systems\Embedded Workbench 8.0\430\lib\MathLib\MSPMATHLIB_IAR_msp430_CPUX_large_code_small_data.lib



                ****************************************
                *                                      *
                *      SEGMENTS IN ADDRESS ORDER       *
                *                                      *
                ****************************************


SEGMENT              SPACE    START ADDRESS   END ADDRESS     SIZE  TYPE  ALIGN
=======              =====    =============   ===========     ====  ====  =====
CSTACK                                 2B60 - 2BFF              A0   rel    1
INTVEC                                 FF90 - FFFF              70   com    1
                                       1800 - 1835              36  aseg  
                                       1880 - 188F              10  aseg  
                                       4000 - 7926            3927  aseg  
                                       7A00 - 7CC8             2C9  aseg  

                ****************************************
                *                                      *
                *        END OF CROSS REFERENCE        *
                *                                      *
                ****************************************

 112 bytes of CODE memory (+ 15 414 absolute )
 160 bytes of DATA memory

Errors: none
Warnings: none

